Archive member included to satisfy reference by file (symbol)

/opt/microchip/xc8/v2.32/avr/bin/../lib/gcc/avr/5.4.0/avr5/memx-const/libgcc.a(_exit.o)
                              /opt/microchip/mplabx/v5.40/packs/Microchip/ATmega_DFP/2.2.108/xc8/avr/lib/avr5/memx-const/crtatmega328p.o (exit)
/opt/microchip/xc8/v2.32/avr/bin/../lib/gcc/avr/5.4.0/avr5/memx-const/libgcc.a(_copy_data.o)
                              build/default/production/button.o (__do_copy_data)

Discarded input sections

 .data          0x0000000000000000        0x0 /opt/microchip/mplabx/v5.40/packs/Microchip/ATmega_DFP/2.2.108/xc8/avr/lib/avr5/memx-const/crtatmega328p.o
 .bss           0x0000000000000000        0x0 /opt/microchip/mplabx/v5.40/packs/Microchip/ATmega_DFP/2.2.108/xc8/avr/lib/avr5/memx-const/crtatmega328p.o
 .text          0x0000000000000000        0x0 build/default/production/main.o
 .data          0x0000000000000000        0x0 build/default/production/main.o
 .bss           0x0000000000000000        0x0 build/default/production/main.o
 .text          0x0000000000000000        0x0 build/default/production/oled.o
 .data          0x0000000000000000        0x0 build/default/production/oled.o
 .bss           0x0000000000000000        0x0 build/default/production/oled.o
 .text.oled_all_on
                0x0000000000000000       0x6e build/default/production/oled.o
 .text.set_colum
                0x0000000000000000       0x22 build/default/production/oled.o
 .text.set_page
                0x0000000000000000       0x22 build/default/production/oled.o
 .text.display_off
                0x0000000000000000       0x16 build/default/production/oled.o
 .text.display_on
                0x0000000000000000       0x16 build/default/production/oled.o
 .text          0x0000000000000000        0x0 build/default/production/i2c.o
 .data          0x0000000000000000        0x0 build/default/production/i2c.o
 .bss           0x0000000000000000        0x0 build/default/production/i2c.o
 .text          0x0000000000000000        0x0 build/default/production/button.o
 .data          0x0000000000000000        0x0 build/default/production/button.o
 .bss           0x0000000000000000        0x0 build/default/production/button.o
 .text          0x0000000000000000        0x0 /opt/microchip/xc8/v2.32/avr/bin/../lib/gcc/avr/5.4.0/avr5/memx-const/libgcc.a(_exit.o)
 .data          0x0000000000000000        0x0 /opt/microchip/xc8/v2.32/avr/bin/../lib/gcc/avr/5.4.0/avr5/memx-const/libgcc.a(_exit.o)
 .bss           0x0000000000000000        0x0 /opt/microchip/xc8/v2.32/avr/bin/../lib/gcc/avr/5.4.0/avr5/memx-const/libgcc.a(_exit.o)
 .text.libgcc.mul
                0x0000000000000000        0x0 /opt/microchip/xc8/v2.32/avr/bin/../lib/gcc/avr/5.4.0/avr5/memx-const/libgcc.a(_exit.o)
 .text.libgcc.div
                0x0000000000000000        0x0 /opt/microchip/xc8/v2.32/avr/bin/../lib/gcc/avr/5.4.0/avr5/memx-const/libgcc.a(_exit.o)
 .text.libgcc   0x0000000000000000        0x0 /opt/microchip/xc8/v2.32/avr/bin/../lib/gcc/avr/5.4.0/avr5/memx-const/libgcc.a(_exit.o)
 .text.libgcc.prologue
                0x0000000000000000        0x0 /opt/microchip/xc8/v2.32/avr/bin/../lib/gcc/avr/5.4.0/avr5/memx-const/libgcc.a(_exit.o)
 .stack.descriptors
                0x0000000000000000       0x13 /opt/microchip/xc8/v2.32/avr/bin/../lib/gcc/avr/5.4.0/avr5/memx-const/libgcc.a(_exit.o)
 .text.libgcc.builtins
                0x0000000000000000        0x0 /opt/microchip/xc8/v2.32/avr/bin/../lib/gcc/avr/5.4.0/avr5/memx-const/libgcc.a(_exit.o)
 .text.libgcc.fmul
                0x0000000000000000        0x0 /opt/microchip/xc8/v2.32/avr/bin/../lib/gcc/avr/5.4.0/avr5/memx-const/libgcc.a(_exit.o)
 .text.libgcc.fixed
                0x0000000000000000        0x0 /opt/microchip/xc8/v2.32/avr/bin/../lib/gcc/avr/5.4.0/avr5/memx-const/libgcc.a(_exit.o)
 .text          0x0000000000000000        0x0 /opt/microchip/xc8/v2.32/avr/bin/../lib/gcc/avr/5.4.0/avr5/memx-const/libgcc.a(_copy_data.o)
 .data          0x0000000000000000        0x0 /opt/microchip/xc8/v2.32/avr/bin/../lib/gcc/avr/5.4.0/avr5/memx-const/libgcc.a(_copy_data.o)
 .bss           0x0000000000000000        0x0 /opt/microchip/xc8/v2.32/avr/bin/../lib/gcc/avr/5.4.0/avr5/memx-const/libgcc.a(_copy_data.o)
 .text.libgcc.mul
                0x0000000000000000        0x0 /opt/microchip/xc8/v2.32/avr/bin/../lib/gcc/avr/5.4.0/avr5/memx-const/libgcc.a(_copy_data.o)
 .text.libgcc.div
                0x0000000000000000        0x0 /opt/microchip/xc8/v2.32/avr/bin/../lib/gcc/avr/5.4.0/avr5/memx-const/libgcc.a(_copy_data.o)
 .text.libgcc   0x0000000000000000        0x0 /opt/microchip/xc8/v2.32/avr/bin/../lib/gcc/avr/5.4.0/avr5/memx-const/libgcc.a(_copy_data.o)
 .text.libgcc.prologue
                0x0000000000000000        0x0 /opt/microchip/xc8/v2.32/avr/bin/../lib/gcc/avr/5.4.0/avr5/memx-const/libgcc.a(_copy_data.o)
 .text.libgcc.builtins
                0x0000000000000000        0x0 /opt/microchip/xc8/v2.32/avr/bin/../lib/gcc/avr/5.4.0/avr5/memx-const/libgcc.a(_copy_data.o)
 .text.libgcc.fmul
                0x0000000000000000        0x0 /opt/microchip/xc8/v2.32/avr/bin/../lib/gcc/avr/5.4.0/avr5/memx-const/libgcc.a(_copy_data.o)
 .text.libgcc.fixed
                0x0000000000000000        0x0 /opt/microchip/xc8/v2.32/avr/bin/../lib/gcc/avr/5.4.0/avr5/memx-const/libgcc.a(_copy_data.o)

Memory Configuration

Name             Origin             Length             Attributes
text             0x0000000000000000 0x0000000000008000 xr
data             0x0000000000800100 0x0000000000000800 rw !x
eeprom           0x0000000000810000 0x0000000000000400 rw !x
fuse             0x0000000000820000 0x0000000000000003 rw !x
lock             0x0000000000830000 0x0000000000000400 rw !x
signature        0x0000000000840000 0x0000000000000400 rw !x
user_signatures  0x0000000000850000 0x0000000000000400 rw !x
*default*        0x0000000000000000 0xffffffffffffffff

Linker script and memory map

Address of section .data set to 0x800100
LOAD /opt/microchip/mplabx/v5.40/packs/Microchip/ATmega_DFP/2.2.108/xc8/avr/lib/avr5/memx-const/crtatmega328p.o
                0x0000000000000001                __MPLAB_BUILD = 0x1
LOAD build/default/production/main.o
LOAD build/default/production/oled.o
LOAD build/default/production/i2c.o
LOAD build/default/production/button.o
START GROUP
LOAD /opt/microchip/xc8/v2.32/avr/bin/../lib/gcc/avr/5.4.0/../../../../avr/lib/avr5/memx-const/libm.a
END GROUP
START GROUP
LOAD /opt/microchip/xc8/v2.32/avr/bin/../lib/gcc/avr/5.4.0/avr5/memx-const/libgcc.a
LOAD /opt/microchip/xc8/v2.32/avr/bin/../lib/gcc/avr/5.4.0/../../../../avr/lib/avr5/memx-const/libm.a
LOAD /opt/microchip/xc8/v2.32/avr/bin/../lib/gcc/avr/5.4.0/../../../../avr/lib/avr5/memx-const/libc.a
LOAD /opt/microchip/mplabx/v5.40/packs/Microchip/ATmega_DFP/2.2.108/xc8/avr/lib/avr5/memx-const/libatmega328p.a
END GROUP
                0x0000000000000000                __TEXT_REGION_ORIGIN__ = DEFINED (__TEXT_REGION_ORIGIN__)?__TEXT_REGION_ORIGIN__:0x0
                [0x0000000000800100]                __DATA_REGION_ORIGIN__ = DEFINED (__DATA_REGION_ORIGIN__)?__DATA_REGION_ORIGIN__:0x800060
                [0x0000000000008000]                __TEXT_REGION_LENGTH__ = DEFINED (__TEXT_REGION_LENGTH__)?__TEXT_REGION_LENGTH__:0x20000
                [0x0000000000000800]                __DATA_REGION_LENGTH__ = DEFINED (__DATA_REGION_LENGTH__)?__DATA_REGION_LENGTH__:0xffa0
                [0x0000000000000400]                __EEPROM_REGION_LENGTH__ = DEFINED (__EEPROM_REGION_LENGTH__)?__EEPROM_REGION_LENGTH__:0x10000
                [0x0000000000000003]                __FUSE_REGION_LENGTH__ = DEFINED (__FUSE_REGION_LENGTH__)?__FUSE_REGION_LENGTH__:0x400
                0x0000000000000400                __LOCK_REGION_LENGTH__ = DEFINED (__LOCK_REGION_LENGTH__)?__LOCK_REGION_LENGTH__:0x400
                0x0000000000000400                __SIGNATURE_REGION_LENGTH__ = DEFINED (__SIGNATURE_REGION_LENGTH__)?__SIGNATURE_REGION_LENGTH__:0x400
                0x0000000000000400                __USER_SIGNATURE_REGION_LENGTH__ = DEFINED (__USER_SIGNATURE_REGION_LENGTH__)?__USER_SIGNATURE_REGION_LENGTH__:0x400

.hash
 *(.hash)

.dynsym
 *(.dynsym)

.dynstr
 *(.dynstr)

.gnu.version
 *(.gnu.version)

.gnu.version_d
 *(.gnu.version_d)

.gnu.version_r
 *(.gnu.version_r)

.rel.init
 *(.rel.init)

.rela.init
 *(.rela.init)

.rel.text
 *(.rel.text)
 *(.rel.text.*)
 *(.rel.gnu.linkonce.t*)

.rela.text
 *(.rela.text)
 *(.rela.text.*)
 *(.rela.gnu.linkonce.t*)

.rel.fini
 *(.rel.fini)

.rela.fini
 *(.rela.fini)

.rel.rodata
 *(.rel.rodata)
 *(.rel.rodata.*)
 *(.rel.gnu.linkonce.r*)

.rela.rodata
 *(.rela.rodata)
 *(.rela.rodata.*)
 *(.rela.gnu.linkonce.r*)

.rel.data
 *(.rel.data)
 *(.rel.data.*)
 *(.rel.gnu.linkonce.d*)

.rela.data
 *(.rela.data)
 *(.rela.data.*)
 *(.rela.gnu.linkonce.d*)

.rel.ctors
 *(.rel.ctors)

.rela.ctors
 *(.rela.ctors)

.rel.dtors
 *(.rel.dtors)

.rela.dtors
 *(.rela.dtors)

.rel.got
 *(.rel.got)

.rela.got
 *(.rela.got)

.rel.bss
 *(.rel.bss)

.rela.bss
 *(.rela.bss)

.rel.plt
 *(.rel.plt)

.rela.plt
 *(.rela.plt)

.text           0x0000000000000000       0xce
 *(.vectors)
 .vectors       0x0000000000000000       0x68 /opt/microchip/mplabx/v5.40/packs/Microchip/ATmega_DFP/2.2.108/xc8/avr/lib/avr5/memx-const/crtatmega328p.o
                0x0000000000000000                __vectors
                0x0000000000000000                __vector_default
 *(.vectors)
 *(.progmem.gcc*)
 *(.dinit)
 .dinit         0x0000000000000068       0x11 data_init
                0x000000000000007a                . = ALIGN (0x2)
 *fill*         0x0000000000000079        0x1 
                0x000000000000007a                __trampolines_start = .
 *(.trampolines)
 .trampolines   0x000000000000007a        0x0 linker stubs
 *(.trampolines*)
                0x000000000000007a                __trampolines_end = .
 *libprintf_flt.a:*(.progmem.data)
 *libc.a:*(.progmem.data)
                0x000000000000007a                . = ALIGN (0x2)
 *(.jumptables)
 *(.jumptables*)
 *(.lowtext)
 *(.lowtext*)
                0x000000000000007a                __ctors_start = .
 *(.ctors)
                0x000000000000007a                __ctors_end = .
                0x000000000000007a                __dtors_start = .
 *(.dtors)
                0x000000000000007a                __dtors_end = .
 SORT(*)(.ctors)
 SORT(*)(.dtors)
 *(.init0)
 .init0         0x000000000000007a        0x0 /opt/microchip/mplabx/v5.40/packs/Microchip/ATmega_DFP/2.2.108/xc8/avr/lib/avr5/memx-const/crtatmega328p.o
                0x000000000000007a                __init
 *(.init0)
 *(.init1)
 *(.init1)
 *(.init2)
 .init2         0x000000000000007a        0xc /opt/microchip/mplabx/v5.40/packs/Microchip/ATmega_DFP/2.2.108/xc8/avr/lib/avr5/memx-const/crtatmega328p.o
 *(.init2)
 *(.init3)
 *(.init3)
 *(.init4)
 .init4         0x0000000000000086       0x3c /opt/microchip/xc8/v2.32/avr/bin/../lib/gcc/avr/5.4.0/avr5/memx-const/libgcc.a(_copy_data.o)
                0x0000000000000086                __do_copy_data
                0x00000000000000b4                __do_clear_bss
 *(.init4)
 *(.init5)
 *(.init5)
 *(.init6)
 *(.init6)
 *(.init7)
 *(.init7)
 *(.init8)
 *(.init8)
 *(.init9)
 .init9         0x00000000000000c2        0x8 /opt/microchip/mplabx/v5.40/packs/Microchip/ATmega_DFP/2.2.108/xc8/avr/lib/avr5/memx-const/crtatmega328p.o
 *(.init9)
                0x00000000000000ca                . = ALIGN (0x2)
 *(.fini9)
 .fini9         0x00000000000000ca        0x0 /opt/microchip/xc8/v2.32/avr/bin/../lib/gcc/avr/5.4.0/avr5/memx-const/libgcc.a(_exit.o)
                0x00000000000000ca                exit
                0x00000000000000ca                _exit
 *(.fini9)
 *(.fini8)
 *(.fini8)
 *(.fini7)
 *(.fini7)
 *(.fini6)
 *(.fini6)
 *(.fini5)
 *(.fini5)
 *(.fini4)
 *(.fini4)
 *(.fini3)
 *(.fini3)
 *(.fini2)
 *(.fini2)
 *(.fini1)
 *(.fini1)
 *(.fini0)
 .fini0         0x00000000000000ca        0x4 /opt/microchip/xc8/v2.32/avr/bin/../lib/gcc/avr/5.4.0/avr5/memx-const/libgcc.a(_exit.o)
 *(.fini0)
                0x00000000000000ce                _etext = .

.data           0x0000000000800100        0x0 load address 0x00000000000000ce
                [!provide]                        PROVIDE (__data_start, .)
 *(.gnu.linkonce.d*)
 *(.gnu.linkonce.r*)
                0x0000000000800100                . = ALIGN (0x2)
                0x0000000000800100                _edata = .
                [!provide]                        PROVIDE (__data_end, .)

.bss            0x0000000000800100        0x0
                [!provide]                        PROVIDE (__bss_start, .)
 *(COMMON)
                [!provide]                        PROVIDE (__bss_end, .)
                0x00000000000000ce                __data_load_start = LOADADDR (.data)
                0x00000000000000ce                __data_load_end = (__data_load_start + SIZEOF (.data))

.noinit         0x0000000000800100        0x0
                [!provide]                        PROVIDE (__noinit_start, .)
 *(.noinit*)
                [!provide]                        PROVIDE (__noinit_end, .)
                0x0000000000800100                _end = .

.eeprom         0x0000000000810000        0x0
 *(.eeprom*)
                0x0000000000810000                __eeprom_end = .

.fuse
 *(.fuse)
 *(.lfuse)
 *(.hfuse)
 *(.efuse)

.lock
 *(.lock*)

.signature
 *(.signature*)

.user_signatures
 *(.user_signatures*)

.stab
 *(.stab)

.stabstr
 *(.stabstr)

.stab.excl
 *(.stab.excl)

.stab.exclstr
 *(.stab.exclstr)

.stab.index
 *(.stab.index)

.stab.indexstr
 *(.stab.indexstr)

.comment        0x0000000000000000       0x2f
 *(.comment)
 .comment       0x0000000000000000       0x2f build/default/production/main.o
                                         0x30 (size before relaxing)
 .comment       0x000000000000002f       0x30 build/default/production/oled.o
 .comment       0x000000000000002f       0x30 build/default/production/i2c.o
 .comment       0x000000000000002f       0x30 build/default/production/button.o

.stack.descriptors.hdr
                0x0000000000000000        0xe
 .stack.descriptors.hdr
                0x0000000000000000        0xe /opt/microchip/xc8/v2.32/avr/bin/../lib/gcc/avr/5.4.0/avr5/memx-const/libgcc.a(_exit.o)

.note.gnu.build-id
 *(.note.gnu.build-id)

.debug
 *(.debug)

.line
 *(.line)

.debug_srcinfo
 *(.debug_srcinfo)

.debug_sfnames
 *(.debug_sfnames)

.debug_aranges  0x0000000000000000      0x100
 *(.debug_aranges)
 .debug_aranges
                0x0000000000000000       0x20 build/default/production/main.o
 .debug_aranges
                0x0000000000000020       0x80 build/default/production/oled.o
 .debug_aranges
                0x00000000000000a0       0x38 build/default/production/i2c.o
 .debug_aranges
                0x00000000000000d8       0x28 build/default/production/button.o

.debug_pubnames
 *(.debug_pubnames)

.debug_info     0x0000000000000000     0x1182
 *(.debug_info .gnu.linkonce.wi.*)
 .debug_info    0x0000000000000000      0x5f4 /opt/microchip/mplabx/v5.40/packs/Microchip/ATmega_DFP/2.2.108/xc8/avr/lib/avr5/memx-const/crtatmega328p.o
 .debug_info    0x00000000000005f4      0x220 build/default/production/main.o
 .debug_info    0x0000000000000814      0x422 build/default/production/oled.o
 .debug_info    0x0000000000000c36      0x286 build/default/production/i2c.o
 .debug_info    0x0000000000000ebc      0x2c6 build/default/production/button.o

.debug_abbrev   0x0000000000000000      0x782
 *(.debug_abbrev)
 .debug_abbrev  0x0000000000000000      0x5a2 /opt/microchip/mplabx/v5.40/packs/Microchip/ATmega_DFP/2.2.108/xc8/avr/lib/avr5/memx-const/crtatmega328p.o
 .debug_abbrev  0x00000000000005a2       0x46 build/default/production/main.o
 .debug_abbrev  0x00000000000005e8       0x99 build/default/production/oled.o
 .debug_abbrev  0x0000000000000681       0x83 build/default/production/i2c.o
 .debug_abbrev  0x0000000000000704       0x7e build/default/production/button.o

.debug_line     0x0000000000000000      0x7d4
 *(.debug_line .debug_line.* .debug_line_end)
 .debug_line    0x0000000000000000      0x137 /opt/microchip/mplabx/v5.40/packs/Microchip/ATmega_DFP/2.2.108/xc8/avr/lib/avr5/memx-const/crtatmega328p.o
 .debug_line    0x0000000000000137       0xa1 build/default/production/main.o
 .debug_line    0x00000000000001d8      0x3a9 build/default/production/oled.o
 .debug_line    0x0000000000000581      0x102 build/default/production/i2c.o
 .debug_line    0x0000000000000683      0x151 build/default/production/button.o

.debug_frame    0x0000000000000000      0x318
 *(.debug_frame)
 .debug_frame   0x0000000000000000       0x34 build/default/production/main.o
 .debug_frame   0x0000000000000034      0x1b4 build/default/production/oled.o
 .debug_frame   0x00000000000001e8       0x94 build/default/production/i2c.o
 .debug_frame   0x000000000000027c       0x9c build/default/production/button.o

.debug_str      0x0000000000000000      0x208
 *(.debug_str)
 .debug_str     0x0000000000000000      0x208 /opt/microchip/mplabx/v5.40/packs/Microchip/ATmega_DFP/2.2.108/xc8/avr/lib/avr5/memx-const/crtatmega328p.o
 .debug_str     0x0000000000000208        0x0 build/default/production/main.o
 .debug_str     0x0000000000000208        0x0 build/default/production/oled.o
 .debug_str     0x0000000000000208        0x0 build/default/production/i2c.o
 .debug_str     0x0000000000000208        0x0 build/default/production/button.o

.debug_loc
 *(.debug_loc)

.debug_macinfo
 *(.debug_macinfo)

.debug_weaknames
 *(.debug_weaknames)

.debug_funcnames
 *(.debug_funcnames)

.debug_typenames
 *(.debug_typenames)

.debug_varnames
 *(.debug_varnames)

.debug_pubtypes
 *(.debug_pubtypes)

.debug_ranges   0x0000000000000000       0xc0
 *(.debug_ranges)
 .debug_ranges  0x0000000000000000       0x10 build/default/production/main.o
 .debug_ranges  0x0000000000000010       0x70 build/default/production/oled.o
 .debug_ranges  0x0000000000000080       0x28 build/default/production/i2c.o
 .debug_ranges  0x00000000000000a8       0x18 build/default/production/button.o

.debug_macro
 *(.debug_macro)
OUTPUT(dist/default/production/AT328P.production.elf elf32-avr)
LOAD linker stubs
LOAD data_init

.note.gnu.avr.deviceinfo
                0x0000000000000000       0x40
 .note.gnu.avr.deviceinfo
                0x0000000000000000       0x40 /opt/microchip/mplabx/v5.40/packs/Microchip/ATmega_DFP/2.2.108/xc8/avr/lib/avr5/memx-const/crtatmega328p.o

.bss.buff       0x0000000000800100      0x408
 .bss.buff      0x0000000000800100      0x408 build/default/production/oled.o

.bss.count.2002
                0x0000000000800508        0x2
 .bss.count.2002
                0x0000000000800508        0x2 build/default/production/button.o

.bss.end.2004   0x000000000080050e        0x2
 .bss.end.2004  0x000000000080050e        0x2 build/default/production/button.o

.text.__vector_5
                0x00000000000000ce      0x18a
 .text.__vector_5
                0x00000000000000ce      0x18a build/default/production/button.o
                0x00000000000000ce                __vector_5

.text.set_button
                0x0000000000000258      0x11a
 .text.set_button
                0x0000000000000258      0x11a build/default/production/button.o
                0x0000000000000258                set_button

.text.clear_pixel
                0x0000000000000372       0xf4
 .text.clear_pixel
                0x0000000000000372       0xf4 build/default/production/oled.o
                0x0000000000000372                clear_pixel

.text.set_pixel
                0x0000000000000466       0xf2
 .text.set_pixel
                0x0000000000000466       0xf2 build/default/production/oled.o
                0x0000000000000466                set_pixel

.text.oled_init
                0x0000000000000558       0x8a
 .text.oled_init
                0x0000000000000558       0x8a build/default/production/oled.o
                0x0000000000000558                oled_init

.text.draw_box  0x00000000000005e2       0x6e
 .text.draw_box
                0x00000000000005e2       0x6e build/default/production/oled.o
                0x00000000000005e2                draw_box

.text.oled_clear
                0x0000000000000650       0x6c
 .text.oled_clear
                0x0000000000000650       0x6c build/default/production/oled.o
                0x0000000000000650                oled_clear

.text.main      0x00000000000006bc       0x4c
 .text.main     0x00000000000006bc       0x4c build/default/production/main.o
                0x00000000000006bc                main

.text.i2c_write
                0x0000000000000708       0x38
 .text.i2c_write
                0x0000000000000708       0x38 build/default/production/i2c.o
                0x0000000000000708                i2c_write

.text.set_cursor
                0x0000000000000740       0x36
 .text.set_cursor
                0x0000000000000740       0x36 build/default/production/oled.o
                0x0000000000000740                set_cursor

.text.i2c_init  0x0000000000000776       0x34
 .text.i2c_init
                0x0000000000000776       0x34 build/default/production/i2c.o
                0x0000000000000776                i2c_init

.text.oled_cmd  0x00000000000007aa       0x30
 .text.oled_cmd
                0x00000000000007aa       0x30 build/default/production/oled.o
                0x00000000000007aa                oled_cmd

.text.oled_data
                0x00000000000007da       0x30
 .text.oled_data
                0x00000000000007da       0x30 build/default/production/oled.o
                0x00000000000007da                oled_data

.text.i2c_start
                0x000000000000080a       0x2c
 .text.i2c_start
                0x000000000000080a       0x2c build/default/production/i2c.o
                0x000000000000080a                i2c_start

.text.i2c_stop  0x0000000000000836       0x1a
 .text.i2c_stop
                0x0000000000000836       0x1a build/default/production/i2c.o
                0x0000000000000836                i2c_stop

.text           0x0000000000000850        0x4
 .text          0x0000000000000850        0x4 /opt/microchip/mplabx/v5.40/packs/Microchip/ATmega_DFP/2.2.108/xc8/avr/lib/avr5/memx-const/crtatmega328p.o
                0x0000000000000850                __vector_22
                0x0000000000000850                __vector_1
                0x0000000000000850                __vector_24
                0x0000000000000850                __vector_12
                0x0000000000000850                __bad_interrupt
                0x0000000000000850                __vector_6
                0x0000000000000850                __vector_3
                0x0000000000000850                __vector_23
                0x0000000000000850                __vector_25
                0x0000000000000850                __vector_11
                0x0000000000000850                __vector_13
                0x0000000000000850                __vector_17
                0x0000000000000850                __vector_19
                0x0000000000000850                __vector_7
                0x0000000000000850                __vector_4
                0x0000000000000850                __vector_9
                0x0000000000000850                __vector_2
                0x0000000000000850                __vector_21
                0x0000000000000850                __vector_15
                0x0000000000000850                __vector_8
                0x0000000000000850                __vector_14
                0x0000000000000850                __vector_10
                0x0000000000000850                __vector_16
                0x0000000000000850                __vector_18
                0x0000000000000850                __vector_20

.data.y.2001    0x000000000080050a        0x2 load address 0x0000000000000854
 .data.y.2001   0x000000000080050a        0x2 build/default/production/button.o

.data.x.2000    0x000000000080050c        0x2 load address 0x0000000000000856
 .data.x.2000   0x000000000080050c        0x2 build/default/production/button.o
